13 01 10 11 EF 00 C0 01 13 00 00 00 13 00 00 00 
13 00 00 00 13 00 00 00 13 00 00 00 13 00 00 00 
13 01 01 FF 93 07 10 00 23 26 F1 00 93 07 20 00 
23 24 F1 00 83 27 C1 00 03 27 81 00 B3 87 E7 00 
23 22 F1 00 13 01 01 01 67 80 00 00 
